------------------------------------------------------------
Timing Analyzer Summary
------------------------------------------------------------

Type  : Slow 1100mV 85C Model Setup 'clk_50MHz'
Slack : -7.060
TNS   : -10534.394

Type  : Slow 1100mV 85C Model Setup 'UART:inst|uart_clk_divN:inst|clk_out'
Slack : -2.251
TNS   : -39.244

Type  : Slow 1100mV 85C Model Setup 'UART:inst|uart_controller:inst1|bsy'
Slack : -1.957
TNS   : -15.248

Type  : Slow 1100mV 85C Model Hold 'clk_50MHz'
Slack : 0.425
TNS   : 0.000

Type  : Slow 1100mV 85C Model Hold 'UART:inst|uart_controller:inst1|bsy'
Slack : 0.753
TNS   : 0.000

Type  : Slow 1100mV 85C Model Hold 'UART:inst|uart_clk_divN:inst|clk_out'
Slack : 0.840
TNS   : 0.000

Type  : Slow 1100mV 85C Model Minimum Pulse Width 'clk_50MHz'
Slack : -0.550
TNS   : -1688.659

Type  : Slow 1100mV 85C Model Minimum Pulse Width 'UART:inst|uart_clk_divN:inst|clk_out'
Slack : -0.538
TNS   : -15.265

Type  : Slow 1100mV 85C Model Minimum Pulse Width 'UART:inst|uart_controller:inst1|bsy'
Slack : -0.538
TNS   : -6.387

Type  : Slow 1100mV 0C Model Setup 'clk_50MHz'
Slack : -6.902
TNS   : -10173.194

Type  : Slow 1100mV 0C Model Setup 'UART:inst|uart_clk_divN:inst|clk_out'
Slack : -2.236
TNS   : -38.482

Type  : Slow 1100mV 0C Model Setup 'UART:inst|uart_controller:inst1|bsy'
Slack : -2.002
TNS   : -15.530

Type  : Slow 1100mV 0C Model Hold 'clk_50MHz'
Slack : 0.189
TNS   : 0.000

Type  : Slow 1100mV 0C Model Hold 'UART:inst|uart_clk_divN:inst|clk_out'
Slack : 0.814
TNS   : 0.000

Type  : Slow 1100mV 0C Model Hold 'UART:inst|uart_controller:inst1|bsy'
Slack : 0.836
TNS   : 0.000

Type  : Slow 1100mV 0C Model Minimum Pulse Width 'clk_50MHz'
Slack : -0.538
TNS   : -1706.863

Type  : Slow 1100mV 0C Model Minimum Pulse Width 'UART:inst|uart_clk_divN:inst|clk_out'
Slack : -0.538
TNS   : -15.255

Type  : Slow 1100mV 0C Model Minimum Pulse Width 'UART:inst|uart_controller:inst1|bsy'
Slack : -0.538
TNS   : -6.363

Type  : Fast 1100mV 85C Model Setup 'clk_50MHz'
Slack : -3.346
TNS   : -4742.625

Type  : Fast 1100mV 85C Model Setup 'UART:inst|uart_controller:inst1|bsy'
Slack : -0.962
TNS   : -7.477

Type  : Fast 1100mV 85C Model Setup 'UART:inst|uart_clk_divN:inst|clk_out'
Slack : -0.897
TNS   : -13.498

Type  : Fast 1100mV 85C Model Hold 'clk_50MHz'
Slack : 0.017
TNS   : 0.000

Type  : Fast 1100mV 85C Model Hold 'UART:inst|uart_clk_divN:inst|clk_out'
Slack : 0.425
TNS   : 0.000

Type  : Fast 1100mV 85C Model Hold 'UART:inst|uart_controller:inst1|bsy'
Slack : 0.492
TNS   : 0.000

Type  : Fast 1100mV 85C Model Minimum Pulse Width 'clk_50MHz'
Slack : -0.466
TNS   : -209.547

Type  : Fast 1100mV 85C Model Minimum Pulse Width 'UART:inst|uart_clk_divN:inst|clk_out'
Slack : 0.088
TNS   : 0.000

Type  : Fast 1100mV 85C Model Minimum Pulse Width 'UART:inst|uart_controller:inst1|bsy'
Slack : 0.097
TNS   : 0.000

Type  : Fast 1100mV 0C Model Setup 'clk_50MHz'
Slack : -2.987
TNS   : -4042.705

Type  : Fast 1100mV 0C Model Setup 'UART:inst|uart_controller:inst1|bsy'
Slack : -0.888
TNS   : -6.896

Type  : Fast 1100mV 0C Model Setup 'UART:inst|uart_clk_divN:inst|clk_out'
Slack : -0.731
TNS   : -11.116

Type  : Fast 1100mV 0C Model Hold 'clk_50MHz'
Slack : -0.231
TNS   : -1.375

Type  : Fast 1100mV 0C Model Hold 'UART:inst|uart_clk_divN:inst|clk_out'
Slack : 0.387
TNS   : 0.000

Type  : Fast 1100mV 0C Model Hold 'UART:inst|uart_controller:inst1|bsy'
Slack : 0.475
TNS   : 0.000

Type  : Fast 1100mV 0C Model Minimum Pulse Width 'clk_50MHz'
Slack : -0.438
TNS   : -207.144

Type  : Fast 1100mV 0C Model Minimum Pulse Width 'UART:inst|uart_clk_divN:inst|clk_out'
Slack : 0.085
TNS   : 0.000

Type  : Fast 1100mV 0C Model Minimum Pulse Width 'UART:inst|uart_controller:inst1|bsy'
Slack : 0.113
TNS   : 0.000

------------------------------------------------------------
