------------------------------------------------------------
Timing Analyzer Summary
------------------------------------------------------------

Type  : Slow 1100mV 85C Model Setup 'clk_50MHz'
Slack : -5.146
TNS   : -193.198

Type  : Slow 1100mV 85C Model Setup 'UART:inst|uart_clk_divN:inst|clk_out'
Slack : -2.141
TNS   : -30.697

Type  : Slow 1100mV 85C Model Setup 'UART:inst|uart_controller:inst1|bsy'
Slack : -1.546
TNS   : -11.603

Type  : Slow 1100mV 85C Model Hold 'UART:inst|uart_controller:inst1|bsy'
Slack : 0.406
TNS   : 0.000

Type  : Slow 1100mV 85C Model Hold 'clk_50MHz'
Slack : 0.437
TNS   : 0.000

Type  : Slow 1100mV 85C Model Hold 'UART:inst|uart_clk_divN:inst|clk_out'
Slack : 0.868
TNS   : 0.000

Type  : Slow 1100mV 85C Model Minimum Pulse Width 'clk_50MHz'
Slack : -0.538
TNS   : -52.050

Type  : Slow 1100mV 85C Model Minimum Pulse Width 'UART:inst|uart_clk_divN:inst|clk_out'
Slack : -0.538
TNS   : -12.008

Type  : Slow 1100mV 85C Model Minimum Pulse Width 'UART:inst|uart_controller:inst1|bsy'
Slack : -0.538
TNS   : -6.386

Type  : Slow 1100mV 0C Model Setup 'clk_50MHz'
Slack : -5.242
TNS   : -190.333

Type  : Slow 1100mV 0C Model Setup 'UART:inst|uart_clk_divN:inst|clk_out'
Slack : -2.064
TNS   : -29.641

Type  : Slow 1100mV 0C Model Setup 'UART:inst|uart_controller:inst1|bsy'
Slack : -1.559
TNS   : -11.522

Type  : Slow 1100mV 0C Model Hold 'clk_50MHz'
Slack : 0.147
TNS   : 0.000

Type  : Slow 1100mV 0C Model Hold 'UART:inst|uart_controller:inst1|bsy'
Slack : 0.467
TNS   : 0.000

Type  : Slow 1100mV 0C Model Hold 'UART:inst|uart_clk_divN:inst|clk_out'
Slack : 0.906
TNS   : 0.000

Type  : Slow 1100mV 0C Model Minimum Pulse Width 'clk_50MHz'
Slack : -0.538
TNS   : -52.896

Type  : Slow 1100mV 0C Model Minimum Pulse Width 'UART:inst|uart_clk_divN:inst|clk_out'
Slack : -0.538
TNS   : -11.713

Type  : Slow 1100mV 0C Model Minimum Pulse Width 'UART:inst|uart_controller:inst1|bsy'
Slack : -0.538
TNS   : -6.335

Type  : Fast 1100mV 85C Model Setup 'clk_50MHz'
Slack : -2.677
TNS   : -66.923

Type  : Fast 1100mV 85C Model Setup 'UART:inst|uart_clk_divN:inst|clk_out'
Slack : -0.851
TNS   : -9.952

Type  : Fast 1100mV 85C Model Setup 'UART:inst|uart_controller:inst1|bsy'
Slack : -0.806
TNS   : -6.118

Type  : Fast 1100mV 85C Model Hold 'clk_50MHz'
Slack : 0.190
TNS   : 0.000

Type  : Fast 1100mV 85C Model Hold 'UART:inst|uart_controller:inst1|bsy'
Slack : 0.318
TNS   : 0.000

Type  : Fast 1100mV 85C Model Hold 'UART:inst|uart_clk_divN:inst|clk_out'
Slack : 0.433
TNS   : 0.000

Type  : Fast 1100mV 85C Model Minimum Pulse Width 'clk_50MHz'
Slack : -0.349
TNS   : -6.582

Type  : Fast 1100mV 85C Model Minimum Pulse Width 'UART:inst|uart_controller:inst1|bsy'
Slack : 0.115
TNS   : 0.000

Type  : Fast 1100mV 85C Model Minimum Pulse Width 'UART:inst|uart_clk_divN:inst|clk_out'
Slack : 0.130
TNS   : 0.000

Type  : Fast 1100mV 0C Model Setup 'clk_50MHz'
Slack : -2.413
TNS   : -56.183

Type  : Fast 1100mV 0C Model Setup 'UART:inst|uart_controller:inst1|bsy'
Slack : -0.728
TNS   : -5.580

Type  : Fast 1100mV 0C Model Setup 'UART:inst|uart_clk_divN:inst|clk_out'
Slack : -0.693
TNS   : -8.143

Type  : Fast 1100mV 0C Model Hold 'clk_50MHz'
Slack : -0.041
TNS   : -0.079

Type  : Fast 1100mV 0C Model Hold 'UART:inst|uart_controller:inst1|bsy'
Slack : 0.306
TNS   : 0.000

Type  : Fast 1100mV 0C Model Hold 'UART:inst|uart_clk_divN:inst|clk_out'
Slack : 0.405
TNS   : 0.000

Type  : Fast 1100mV 0C Model Minimum Pulse Width 'clk_50MHz'
Slack : -0.347
TNS   : -6.674

Type  : Fast 1100mV 0C Model Minimum Pulse Width 'UART:inst|uart_clk_divN:inst|clk_out'
Slack : 0.122
TNS   : 0.000

Type  : Fast 1100mV 0C Model Minimum Pulse Width 'UART:inst|uart_controller:inst1|bsy'
Slack : 0.124
TNS   : 0.000

------------------------------------------------------------
