------------------------------------------------------------
Timing Analyzer Summary
------------------------------------------------------------

Type  : Slow 1100mV 85C Model Setup 'PS2controller:inst8|ps2_controller:inst1|bsy'
Slack : -7.950
TNS   : -62.071

Type  : Slow 1100mV 85C Model Setup 'PS2_CLK'
Slack : -4.786
TNS   : -42.245

Type  : Slow 1100mV 85C Model Setup 'clk50'
Slack : -2.590
TNS   : -74.445

Type  : Slow 1100mV 85C Model Hold 'PS2_CLK'
Slack : 0.296
TNS   : 0.000

Type  : Slow 1100mV 85C Model Hold 'clk50'
Slack : 0.452
TNS   : 0.000

Type  : Slow 1100mV 85C Model Hold 'PS2controller:inst8|ps2_controller:inst1|bsy'
Slack : 4.758
TNS   : 0.000

Type  : Slow 1100mV 85C Model Recovery 'PS2controller:inst8|ps2_controller:inst1|bsy'
Slack : -3.376
TNS   : -26.990

Type  : Slow 1100mV 85C Model Removal 'PS2controller:inst8|ps2_controller:inst1|bsy'
Slack : 2.970
TNS   : 0.000

Type  : Slow 1100mV 85C Model Minimum Pulse Width 'clk50'
Slack : -0.538
TNS   : -23.843

Type  : Slow 1100mV 85C Model Minimum Pulse Width 'PS2_CLK'
Slack : -0.538
TNS   : -16.593

Type  : Slow 1100mV 85C Model Minimum Pulse Width 'PS2controller:inst8|ps2_controller:inst1|bsy'
Slack : -0.538
TNS   : -6.144

Type  : Slow 1100mV 0C Model Setup 'PS2controller:inst8|ps2_controller:inst1|bsy'
Slack : -7.854
TNS   : -61.195

Type  : Slow 1100mV 0C Model Setup 'PS2_CLK'
Slack : -4.686
TNS   : -39.081

Type  : Slow 1100mV 0C Model Setup 'clk50'
Slack : -2.582
TNS   : -74.250

Type  : Slow 1100mV 0C Model Hold 'clk50'
Slack : 0.142
TNS   : 0.000

Type  : Slow 1100mV 0C Model Hold 'PS2_CLK'
Slack : 0.389
TNS   : 0.000

Type  : Slow 1100mV 0C Model Hold 'PS2controller:inst8|ps2_controller:inst1|bsy'
Slack : 4.752
TNS   : 0.000

Type  : Slow 1100mV 0C Model Recovery 'PS2controller:inst8|ps2_controller:inst1|bsy'
Slack : -3.458
TNS   : -27.643

Type  : Slow 1100mV 0C Model Removal 'PS2controller:inst8|ps2_controller:inst1|bsy'
Slack : 3.083
TNS   : 0.000

Type  : Slow 1100mV 0C Model Minimum Pulse Width 'PS2_CLK'
Slack : -0.583
TNS   : -16.678

Type  : Slow 1100mV 0C Model Minimum Pulse Width 'clk50'
Slack : -0.538
TNS   : -24.460

Type  : Slow 1100mV 0C Model Minimum Pulse Width 'PS2controller:inst8|ps2_controller:inst1|bsy'
Slack : -0.538
TNS   : -6.160

Type  : Fast 1100mV 85C Model Setup 'PS2controller:inst8|ps2_controller:inst1|bsy'
Slack : -4.161
TNS   : -32.648

Type  : Fast 1100mV 85C Model Setup 'PS2_CLK'
Slack : -1.867
TNS   : -10.037

Type  : Fast 1100mV 85C Model Setup 'clk50'
Slack : -0.868
TNS   : -21.272

Type  : Fast 1100mV 85C Model Hold 'clk50'
Slack : -0.034
TNS   : -0.034

Type  : Fast 1100mV 85C Model Hold 'PS2_CLK'
Slack : 0.161
TNS   : 0.000

Type  : Fast 1100mV 85C Model Hold 'PS2controller:inst8|ps2_controller:inst1|bsy'
Slack : 2.974
TNS   : 0.000

Type  : Fast 1100mV 85C Model Recovery 'PS2controller:inst8|ps2_controller:inst1|bsy'
Slack : -1.408
TNS   : -11.258

Type  : Fast 1100mV 85C Model Removal 'PS2controller:inst8|ps2_controller:inst1|bsy'
Slack : 1.530
TNS   : 0.000

Type  : Fast 1100mV 85C Model Minimum Pulse Width 'PS2_CLK'
Slack : -0.646
TNS   : -4.074

Type  : Fast 1100mV 85C Model Minimum Pulse Width 'clk50'
Slack : -0.095
TNS   : -2.845

Type  : Fast 1100mV 85C Model Minimum Pulse Width 'PS2controller:inst8|ps2_controller:inst1|bsy'
Slack : 0.142
TNS   : 0.000

Type  : Fast 1100mV 0C Model Setup 'PS2controller:inst8|ps2_controller:inst1|bsy'
Slack : -4.098
TNS   : -32.156

Type  : Fast 1100mV 0C Model Setup 'PS2_CLK'
Slack : -1.831
TNS   : -7.689

Type  : Fast 1100mV 0C Model Setup 'clk50'
Slack : -0.638
TNS   : -16.758

Type  : Fast 1100mV 0C Model Hold 'clk50'
Slack : -0.261
TNS   : -0.261

Type  : Fast 1100mV 0C Model Hold 'PS2_CLK'
Slack : 0.169
TNS   : 0.000

Type  : Fast 1100mV 0C Model Hold 'PS2controller:inst8|ps2_controller:inst1|bsy'
Slack : 2.950
TNS   : 0.000

Type  : Fast 1100mV 0C Model Recovery 'PS2controller:inst8|ps2_controller:inst1|bsy'
Slack : -1.354
TNS   : -10.829

Type  : Fast 1100mV 0C Model Removal 'PS2controller:inst8|ps2_controller:inst1|bsy'
Slack : 1.490
TNS   : 0.000

Type  : Fast 1100mV 0C Model Minimum Pulse Width 'PS2_CLK'
Slack : -0.618
TNS   : -4.101

Type  : Fast 1100mV 0C Model Minimum Pulse Width 'clk50'
Slack : -0.097
TNS   : -2.948

Type  : Fast 1100mV 0C Model Minimum Pulse Width 'PS2controller:inst8|ps2_controller:inst1|bsy'
Slack : 0.144
TNS   : 0.000

------------------------------------------------------------
