------------------------------------------------------------
Timing Analyzer Summary
------------------------------------------------------------

Type  : Slow 1100mV 85C Model Setup 'PS2_CLK'
Slack : -1.487
TNS   : -27.512

Type  : Slow 1100mV 85C Model Hold 'PS2_CLK'
Slack : 0.219
TNS   : 0.000

Type  : Slow 1100mV 85C Model Minimum Pulse Width 'PS2_CLK'
Slack : -0.538
TNS   : -21.683

Type  : Slow 1100mV 0C Model Setup 'PS2_CLK'
Slack : -1.449
TNS   : -24.910

Type  : Slow 1100mV 0C Model Hold 'PS2_CLK'
Slack : 0.318
TNS   : 0.000

Type  : Slow 1100mV 0C Model Minimum Pulse Width 'PS2_CLK'
Slack : -0.538
TNS   : -21.959

Type  : Fast 1100mV 85C Model Setup 'PS2_CLK'
Slack : -0.066
TNS   : -0.522

Type  : Fast 1100mV 85C Model Hold 'PS2_CLK'
Slack : 0.143
TNS   : 0.000

Type  : Fast 1100mV 85C Model Minimum Pulse Width 'PS2_CLK'
Slack : -0.161
TNS   : -4.229

Type  : Fast 1100mV 0C Model Setup 'PS2_CLK'
Slack : 0.012
TNS   : 0.000

Type  : Fast 1100mV 0C Model Hold 'PS2_CLK'
Slack : 0.150
TNS   : 0.000

Type  : Fast 1100mV 0C Model Minimum Pulse Width 'PS2_CLK'
Slack : -0.172
TNS   : -4.420

------------------------------------------------------------
