------------------------------------------------------------
Timing Analyzer Summary
------------------------------------------------------------

Type  : Slow 1100mV 85C Model Setup 'VGA_controller:inst|t_ff:inst|q'
Slack : -5.484
TNS   : -191.322

Type  : Slow 1100mV 85C Model Setup 'VGA_controller:inst|clk_divN:inst15|counter[17]'
Slack : -4.646
TNS   : -101.819

Type  : Slow 1100mV 85C Model Setup '50MHz_clk'
Slack : -4.451
TNS   : -404.119

Type  : Slow 1100mV 85C Model Hold 'VGA_controller:inst|t_ff:inst|q'
Slack : 0.346
TNS   : 0.000

Type  : Slow 1100mV 85C Model Hold '50MHz_clk'
Slack : 0.438
TNS   : 0.000

Type  : Slow 1100mV 85C Model Hold 'VGA_controller:inst|clk_divN:inst15|counter[17]'
Slack : 0.504
TNS   : 0.000

Type  : Slow 1100mV 85C Model Minimum Pulse Width '50MHz_clk'
Slack : -0.549
TNS   : -115.160

Type  : Slow 1100mV 85C Model Minimum Pulse Width 'VGA_controller:inst|t_ff:inst|q'
Slack : -0.538
TNS   : -62.922

Type  : Slow 1100mV 85C Model Minimum Pulse Width 'VGA_controller:inst|clk_divN:inst15|counter[17]'
Slack : -0.538
TNS   : -17.524

Type  : Slow 1100mV 0C Model Setup 'VGA_controller:inst|t_ff:inst|q'
Slack : -5.676
TNS   : -189.655

Type  : Slow 1100mV 0C Model Setup 'VGA_controller:inst|clk_divN:inst15|counter[17]'
Slack : -4.776
TNS   : -103.262

Type  : Slow 1100mV 0C Model Setup '50MHz_clk'
Slack : -4.709
TNS   : -410.003

Type  : Slow 1100mV 0C Model Hold 'VGA_controller:inst|t_ff:inst|q'
Slack : 0.354
TNS   : 0.000

Type  : Slow 1100mV 0C Model Hold '50MHz_clk'
Slack : 0.446
TNS   : 0.000

Type  : Slow 1100mV 0C Model Hold 'VGA_controller:inst|clk_divN:inst15|counter[17]'
Slack : 0.540
TNS   : 0.000

Type  : Slow 1100mV 0C Model Minimum Pulse Width '50MHz_clk'
Slack : -0.607
TNS   : -119.392

Type  : Slow 1100mV 0C Model Minimum Pulse Width 'VGA_controller:inst|t_ff:inst|q'
Slack : -0.538
TNS   : -62.295

Type  : Slow 1100mV 0C Model Minimum Pulse Width 'VGA_controller:inst|clk_divN:inst15|counter[17]'
Slack : -0.538
TNS   : -17.464

Type  : Fast 1100mV 85C Model Setup '50MHz_clk'
Slack : -3.109
TNS   : -135.636

Type  : Fast 1100mV 85C Model Setup 'VGA_controller:inst|t_ff:inst|q'
Slack : -2.286
TNS   : -73.526

Type  : Fast 1100mV 85C Model Setup 'VGA_controller:inst|clk_divN:inst15|counter[17]'
Slack : -1.912
TNS   : -39.426

Type  : Fast 1100mV 85C Model Hold 'VGA_controller:inst|t_ff:inst|q'
Slack : -0.026
TNS   : -0.030

Type  : Fast 1100mV 85C Model Hold 'VGA_controller:inst|clk_divN:inst15|counter[17]'
Slack : 0.153
TNS   : 0.000

Type  : Fast 1100mV 85C Model Hold '50MHz_clk'
Slack : 0.183
TNS   : 0.000

Type  : Fast 1100mV 85C Model Minimum Pulse Width '50MHz_clk'
Slack : -0.508
TNS   : -14.343

Type  : Fast 1100mV 85C Model Minimum Pulse Width 'VGA_controller:inst|t_ff:inst|q'
Slack : 0.033
TNS   : 0.000

Type  : Fast 1100mV 85C Model Minimum Pulse Width 'VGA_controller:inst|clk_divN:inst15|counter[17]'
Slack : 0.044
TNS   : 0.000

Type  : Fast 1100mV 0C Model Setup '50MHz_clk'
Slack : -2.658
TNS   : -115.929

Type  : Fast 1100mV 0C Model Setup 'VGA_controller:inst|t_ff:inst|q'
Slack : -2.083
TNS   : -63.404

Type  : Fast 1100mV 0C Model Setup 'VGA_controller:inst|clk_divN:inst15|counter[17]'
Slack : -1.685
TNS   : -35.450

Type  : Fast 1100mV 0C Model Hold 'VGA_controller:inst|t_ff:inst|q'
Slack : -0.084
TNS   : -0.466

Type  : Fast 1100mV 0C Model Hold 'VGA_controller:inst|clk_divN:inst15|counter[17]'
Slack : 0.141
TNS   : 0.000

Type  : Fast 1100mV 0C Model Hold '50MHz_clk'
Slack : 0.174
TNS   : 0.000

Type  : Fast 1100mV 0C Model Minimum Pulse Width '50MHz_clk'
Slack : -0.501
TNS   : -14.703

Type  : Fast 1100mV 0C Model Minimum Pulse Width 'VGA_controller:inst|t_ff:inst|q'
Slack : 0.070
TNS   : 0.000

Type  : Fast 1100mV 0C Model Minimum Pulse Width 'VGA_controller:inst|clk_divN:inst15|counter[17]'
Slack : 0.071
TNS   : 0.000

------------------------------------------------------------
